[09:10:26] [ServerMain/INFO]: [bootstrap] Running Java 21 (OpenJDK 64-Bit Server VM 21.0.12+8; Arch Linux null) on Linux 7.1.3-arch1-2 (amd64)
[09:10:26] [ServerMain/INFO]: [bootstrap] Loading Paper 1.21.6-48-main@4d854e6 (2025-06-30T09:48:37Z) for Minecraft 1.21.6
[09:10:27] [ServerMain/INFO]: [PluginInitializerManager] Initializing plugins...
[09:10:27] [Paper Plugin Remapper Thread - 2/INFO]: [PluginRemapper] Remapping plugin 'plugins/SlotProgress-0.1.0.jar'...
[09:10:27] [Paper Plugin Remapper Thread - 2/INFO]: [PluginRemapper] Done remapping plugin 'plugins/SlotProgress-0.1.0.jar' in 449ms.
[09:10:27] [Paper Plugin Remapper Thread - 1/INFO]: [PluginRemapper] Remapping plugin '/home/user/Projects/java/plugins/SlotProgress/build/libs/SlotProgress-0.1.0.jar'...
[09:10:27] [Paper Plugin Remapper Thread - 1/INFO]: [PluginRemapper] Done remapping plugin '/home/user/Projects/java/plugins/SlotProgress/build/libs/SlotProgress-0.1.0.jar' in 62ms.
[09:10:27] [ServerMain/INFO]: [PluginInitializerManager] Initialized 1 plugin
[09:10:27] [ServerMain/INFO]: [PluginInitializerManager] Bukkit plugins (1):
 - SlotProgress (0.1.0)
[09:10:32] [ServerMain/INFO]: Environment: Environment[sessionHost=https://sessionserver.mojang.com, servicesHost=https://api.minecraftservices.com, name=PROD]
[09:10:33] [ServerMain/INFO]: Loaded 1407 recipes
[09:10:33] [ServerMain/INFO]: Loaded 1520 advancements
[09:10:33] [ServerMain/INFO]: [ca.spottedleaf.dataconverter.minecraft.datatypes.MCTypeRegistry] Initialising converters for DataConverter...
[09:10:34] [ServerMain/INFO]: [ca.spottedleaf.dataconverter.minecraft.datatypes.MCTypeRegistry] Finished initialising converters for DataConverter in 402.6ms
[09:10:34] [Server thread/INFO]: Starting minecraft server version 1.21.6
[09:10:34] [Server thread/INFO]: Loading properties
[09:10:34] [Server thread/INFO]: This server is running Paper version 1.21.6-48-main@4d854e6 (2025-06-30T09:48:37Z) (Implementing API version 1.21.6-R0.1-SNAPSHOT)
[09:10:34] [Server thread/INFO]: [spark] This server bundles the spark profiler. For more information please visit https://docs.papermc.io/paper/profiling
[09:10:34] [Server thread/INFO]: Server Ping Player Sample Count: 12
[09:10:34] [Server thread/INFO]: Using 4 threads for Netty based IO
[09:10:35] [Server thread/INFO]: [MoonriseCommon] Paper is using 3 worker threads, 1 I/O threads
[09:10:35] [Server thread/INFO]: [ChunkTaskScheduler] Chunk system is using population gen parallelism: true
[09:10:35] [Server thread/INFO]: Default game type: SURVIVAL
[09:10:35] [Server thread/INFO]: Generating keypair
[09:10:35] [Server thread/INFO]: Starting Minecraft server on *:25565
[09:10:35] [Server thread/INFO]: Using epoll channel type
[09:10:35] [Server thread/INFO]: Paper: Using libdeflate (Linux x86_64) compression from Velocity.
[09:10:35] [Server thread/INFO]: Paper: Using OpenSSL 3.x.x (Linux x86_64) cipher from Velocity.
[09:10:35] [Server thread/ERROR]: [ModernPluginLoadingStrategy] Ambiguous plugin name 'SlotProgress' for files 'plugins/.paper-remapped/extra-plugins/SlotProgress-0.1.0-1788588627757.jar' and 'plugins/.paper-remapped/SlotProgress-0.1.0.jar' in 'plugins/.paper-remapped'
[09:10:35] [Server thread/INFO]: [SlotProgress] Loading server plugin SlotProgress v0.1.0
[09:10:35] [Server thread/INFO]: Server permissions file permissions.yml is empty, ignoring it
[09:10:35] [Server thread/INFO]: Preparing level "world"
[09:10:35] [Server thread/INFO]: Preparing start region for dimension minecraft:overworld
[09:10:36] [Server thread/INFO]: Preparing spawn area: 0%
[09:10:36] [Server thread/INFO]: Preparing spawn area: 75%
[09:10:36] [Server thread/INFO]: Preparing spawn area: 75%
[09:10:37] [Server thread/INFO]: Time elapsed: 1014 ms
[09:10:37] [Server thread/INFO]: Preparing start region for dimension minecraft:the_nether
[09:10:37] [Server thread/INFO]: Preparing spawn area: 0%
[09:10:37] [Server thread/INFO]: Time elapsed: 101 ms
[09:10:37] [Server thread/INFO]: Preparing start region for dimension minecraft:the_end
[09:10:37] [Server thread/INFO]: Preparing spawn area: 0%
[09:10:37] [Server thread/INFO]: Time elapsed: 67 ms
[09:10:37] [Server thread/INFO]: [SlotProgress] Enabling SlotProgress v0.1.0
[09:10:37] [Server thread/INFO]: [SlotProgress] type
[09:10:37] [Server thread/INFO]: [SlotProgress] statistic
[09:10:37] [Server thread/INFO]: [SlotProgress] amount
[09:10:37] [Server thread/INFO]: [SlotProgress] type
[09:10:37] [Server thread/INFO]: [SlotProgress] statistic
[09:10:37] [Server thread/INFO]: [SlotProgress] amount
[09:10:37] [Server thread/INFO]: [SlotProgress] type
[09:10:37] [Server thread/INFO]: [SlotProgress] statistic
[09:10:37] [Server thread/INFO]: [SlotProgress] amount
[09:10:37] [Server thread/INFO]: [SlotProgress] type
[09:10:37] [Server thread/INFO]: [SlotProgress] statistic
[09:10:37] [Server thread/INFO]: [SlotProgress] amount
[09:10:37] [Server thread/INFO]: [SlotProgress] type
[09:10:37] [Server thread/INFO]: [SlotProgress] statistic
[09:10:37] [Server thread/INFO]: [SlotProgress] amount
[09:10:37] [Server thread/INFO]: [SlotProgress] type
[09:10:37] [Server thread/INFO]: [SlotProgress] statistic
[09:10:37] [Server thread/INFO]: [SlotProgress] amount
[09:10:37] [Server thread/INFO]: [SlotProgress] type
[09:10:37] [Server thread/INFO]: [SlotProgress] statistic
[09:10:37] [Server thread/INFO]: [SlotProgress] amount
[09:10:37] [Server thread/INFO]: [SlotProgress] type
[09:10:37] [Server thread/INFO]: [SlotProgress] statistic
[09:10:37] [Server thread/INFO]: [SlotProgress] amount
[09:10:37] [Server thread/INFO]: [SlotProgress] type
[09:10:37] [Server thread/INFO]: [SlotProgress] statistic
[09:10:37] [Server thread/INFO]: [SlotProgress] amount
[09:10:37] [Server thread/INFO]: [SlotProgress] type
[09:10:37] [Server thread/INFO]: [SlotProgress] statistic
[09:10:37] [Server thread/INFO]: [SlotProgress] amount
[09:10:37] [Server thread/INFO]: [SlotProgress] type
[09:10:37] [Server thread/INFO]: [SlotProgress] block
[09:10:37] [Server thread/INFO]: [SlotProgress] amount
[09:10:37] [Server thread/INFO]: [SlotProgress] type
[09:10:37] [Server thread/INFO]: [SlotProgress] block
[09:10:37] [Server thread/INFO]: [SlotProgress] amount
[09:10:37] [Server thread/INFO]: [SlotProgress] type
[09:10:37] [Server thread/INFO]: [SlotProgress] block
[09:10:37] [Server thread/INFO]: [SlotProgress] amount
[09:10:37] [Server thread/INFO]: [SlotProgress] Creating default tasks
[09:10:37] [Server thread/INFO]: [SlotProgress] Created 14 default tasks.
[09:10:37] [Server thread/INFO]: [SlotProgress] {9: StatisticTask{statistic=WALK_ONE_CM}}
[09:10:37] [Server thread/INFO]: [SlotProgress] {10: StatisticTask{statistic=JUMP}}
[09:10:37] [Server thread/INFO]: [SlotProgress] {11: StatisticTask{statistic=MOB_KILLS}}
[09:10:37] [Server thread/INFO]: [SlotProgress] {12: StatisticTask{statistic=MOB_KILLS}}
[09:10:37] [Server thread/INFO]: [SlotProgress] {13: StatisticTask{statistic=DAMAGE_TAKEN}}
[09:10:37] [Server thread/INFO]: [SlotProgress] {14: StatisticTask{statistic=DAMAGE_BLOCKED_BY_SHIELD}}
[09:10:37] [Server thread/INFO]: [SlotProgress] {15: StatisticTask{statistic=ITEM_ENCHANTED}}
[09:10:37] [Server thread/INFO]: [SlotProgress] {16: StatisticTask{statistic=DAMAGE_RESISTED}}
[09:10:37] [Server thread/INFO]: [SlotProgress] {17: StatisticTask{statistic=FISH_CAUGHT}}
[09:10:37] [Server thread/INFO]: [SlotProgress] {18: StatisticTask{statistic=SLEEP_IN_BED}}
[09:10:37] [Server thread/INFO]: [SlotProgress] {19: BreakBlockTask{blockType=DEEPSLATE_DIAMOND_ORE, statistic=MINE_BLOCK, amount= 128}}
[09:10:37] [Server thread/INFO]: [SlotProgress] {20: BreakBlockTask{blockType=AMETHYST_BLOCK, statistic=MINE_BLOCK, amount= 256}}
[09:10:37] [Server thread/INFO]: [SlotProgress] {21: BreakBlockTask{blockType=ANCIENT_DEBRIS, statistic=MINE_BLOCK, amount= 100}}
[09:10:37] [Server thread/INFO]: [SlotProgress] {22: BreakBlockTask{blockType=STONE, statistic=MINE_BLOCK, amount= 10000}}
[09:10:37] [Server thread/INFO]: [SlotProgress] {23: BreakBlockTask{blockType=STONE, statistic=MINE_BLOCK, amount= 10000}}
[09:10:37] [Server thread/INFO]: [SlotProgress] {24: BreakBlockTask{blockType=STONE, statistic=MINE_BLOCK, amount= 10000}}
[09:10:37] [Server thread/INFO]: [SlotProgress] {25: BreakBlockTask{blockType=STONE, statistic=MINE_BLOCK, amount= 10000}}
[09:10:37] [Server thread/INFO]: [SlotProgress] {26: BreakBlockTask{blockType=STONE, statistic=MINE_BLOCK, amount= 10000}}
[09:10:37] [Server thread/INFO]: [SlotProgress] {27: BreakBlockTask{blockType=STONE, statistic=MINE_BLOCK, amount= 10000}}
[09:10:37] [Server thread/INFO]: [SlotProgress] {28: BreakBlockTask{blockType=STONE, statistic=MINE_BLOCK, amount= 10000}}
[09:10:37] [Server thread/INFO]: [SlotProgress] {29: BreakBlockTask{blockType=STONE, statistic=MINE_BLOCK, amount= 10000}}
[09:10:37] [Server thread/INFO]: [SlotProgress] {30: BreakBlockTask{blockType=STONE, statistic=MINE_BLOCK, amount= 10000}}
[09:10:37] [Server thread/INFO]: [SlotProgress] {31: BreakBlockTask{blockType=STONE, statistic=MINE_BLOCK, amount= 10000}}
[09:10:37] [Server thread/INFO]: [SlotProgress] {32: BreakBlockTask{blockType=STONE, statistic=MINE_BLOCK, amount= 10000}}
[09:10:37] [Server thread/INFO]: [SlotProgress] {33: BreakBlockTask{blockType=STONE, statistic=MINE_BLOCK, amount= 10000}}
[09:10:37] [Server thread/INFO]: [SlotProgress] {34: BreakBlockTask{blockType=STONE, statistic=MINE_BLOCK, amount= 10000}}
[09:10:37] [Server thread/INFO]: [SlotProgress] {35: BreakBlockTask{blockType=STONE, statistic=MINE_BLOCK, amount= 10000}}
[09:10:37] [Server thread/INFO]: [spark] Starting background profiler...
[09:10:37] [Server thread/INFO]: Done preparing level "world" (2.107s)
[09:10:37] [Server thread/INFO]: Running delayed init tasks
[09:10:37] [Server thread/INFO]: Done (11.714s)! For help, type "help"
[09:11:22] [Server thread/INFO]: Stopping server
[09:11:22] [Server thread/INFO]: [SlotProgress] Disabling SlotProgress v0.1.0
[09:11:22] [Server thread/INFO]: Saving players
[09:11:22] [Server thread/INFO]: Saving worlds
[09:11:22] [Server thread/INFO]: Saving chunks for level 'ServerLevel[world]'/minecraft:overworld
[09:11:22] [Server thread/INFO]: [ChunkHolderManager] Waiting 60s for chunk system to halt for world 'world'
[09:11:22] [Server thread/INFO]: [ChunkHolderManager] Halted chunk system for world 'world'
[09:11:22] [Server thread/INFO]: [ChunkHolderManager] Saving all chunkholders for world 'world'
[09:11:23] [Server thread/INFO]: [ChunkHolderManager] Saved 49 block chunks, 49 entity chunks, 0 poi chunks in world 'world' in 0.42s
[09:11:23] [Server thread/INFO]: [ChunkHolderManager] Waiting 60s for chunk I/O to halt for world 'world'
[09:11:23] [Server thread/INFO]: [ChunkHolderManager] Halted I/O scheduler for world 'world'
[09:11:23] [Server thread/INFO]: Saving chunks for level 'ServerLevel[world_nether]'/minecraft:the_nether
[09:11:23] [Server thread/INFO]: [ChunkHolderManager] Waiting 60s for chunk system to halt for world 'world_nether'
[09:11:23] [Server thread/INFO]: [ChunkHolderManager] Halted chunk system for world 'world_nether'
[09:11:23] [Server thread/INFO]: [ChunkHolderManager] Saving all chunkholders for world 'world_nether'
[09:11:23] [Server thread/INFO]: [ChunkHolderManager] Saved 49 block chunks, 49 entity chunks, 0 poi chunks in world 'world_nether' in 0.24s
[09:11:23] [Server thread/INFO]: [ChunkHolderManager] Waiting 60s for chunk I/O to halt for world 'world_nether'
[09:11:23] [Server thread/INFO]: [ChunkHolderManager] Halted I/O scheduler for world 'world_nether'
[09:11:23] [Server thread/INFO]: Saving chunks for level 'ServerLevel[world_the_end]'/minecraft:the_end
[09:11:23] [Server thread/INFO]: [ChunkHolderManager] Waiting 60s for chunk system to halt for world 'world_the_end'
[09:11:23] [Server thread/INFO]: [ChunkHolderManager] Halted chunk system for world 'world_the_end'
[09:11:23] [Server thread/INFO]: [ChunkHolderManager] Saving all chunkholders for world 'world_the_end'
[09:11:23] [Server thread/INFO]: [ChunkHolderManager] Saved 49 block chunks, 49 entity chunks, 0 poi chunks in world 'world_the_end' in 0.06s
[09:11:23] [Server thread/INFO]: [ChunkHolderManager] Waiting 60s for chunk I/O to halt for world 'world_the_end'
[09:11:23] [Server thread/INFO]: [ChunkHolderManager] Halted I/O scheduler for world 'world_the_end'
[09:11:23] [Server thread/INFO]: ThreadedAnvilChunkStorage (world): All chunks are saved
[09:11:23] [Server thread/INFO]: ThreadedAnvilChunkStorage (DIM-1): All chunks are saved
[09:11:23] [Server thread/INFO]: ThreadedAnvilChunkStorage (DIM1): All chunks are saved
[09:11:23] [Server thread/INFO]: ThreadedAnvilChunkStorage: All dimensions are saved
[09:11:23] [Server thread/INFO]: Waiting for all RegionFile I/O tasks to complete...
[09:11:23] [Server thread/INFO]: All RegionFile I/O tasks to complete
[09:11:23] [Server thread/INFO]: [MoonriseCommon] Awaiting termination of worker pool for up to 60s...
[09:11:23] [Server thread/INFO]: [MoonriseCommon] Awaiting termination of I/O pool for up to 60s...
